#-----------------------------------------------------------
# Webtalk v2017.4 (64-bit)
# SW Build 2086221 on Fri Dec 15 20:54:30 MST 2017
# IP Build 2085800 on Fri Dec 15 22:25:07 MST 2017
# Start of session at: Wed Jun  6 23:21:26 2018
# Process ID: 19766
# Current directory: /home/shmilybelon/Desktop/digital_logic/exp3_4/sd3_1_B/sd3_1_B.sim/sim_1/synth/func/xsim
# Command line: wbtcv -mode batch -source /home/shmilybelon/Desktop/digital_logic/exp3_4/sd3_1_B/sd3_1_B.sim/sim_1/synth/func/xsim/xsim.dir/sd3_1_B_func_synth/webtalk/xsim_webtalk.tcl -notrace
# Log file: /home/shmilybelon/Desktop/digital_logic/exp3_4/sd3_1_B/sd3_1_B.sim/sim_1/synth/func/xsim/webtalk.log
# Journal file: /home/shmilybelon/Desktop/digital_logic/exp3_4/sd3_1_B/sd3_1_B.sim/sim_1/synth/func/xsim/webtalk.jou
#-----------------------------------------------------------
source /home/shmilybelon/Desktop/digital_logic/exp3_4/sd3_1_B/sd3_1_B.sim/sim_1/synth/func/xsim/xsim.dir/sd3_1_B_func_synth/webtalk/xsim_webtalk.tcl -notrace
